[ImageModel] Loading image model ...
[ImageModel] Loaded successfully from: /Users/akshitraj/Downloads/Ai_deepfake-main/deepscan-backend/ml_server/trained_models/image_prediction_model/model_v3.pth
[ImageModel] Input shape: [N, 3, 299, 299]
[ImageModel] Output shape: [N, 1]
[ImageModel] Calibration: positive_class=real, deepfake_threshold=0.07, imagenet_norm=True
[VideoAsImage] Calibration: positive_class=real, deepfake_threshold=0.07, samples=8, decision_threshold=0.6, face_size=224
Scoring 400 real images...
  ...200/400
  ...400/400
Scoring 400 fake images...
  ...200/400
  ...400/400

Calibration complete
Total scored: 800 (real=400, fake=400)

--- CURRENT threshold=0.07 ---
{
  "threshold": 0.07,
  "accuracy": 0.495,
  "balanced_accuracy": 0.495,
  "precision": 0.4974160206718346,
  "recall": 0.9625,
  "f1": 0.65587734241908,
  "false_positive_rate_real_flagged_fake": 0.9725,
  "false_negative_rate_fake_flagged_real": 0.03749999999999998,
  "tp": 385,
  "tn": 11,
  "fp": 389,
  "fn": 15
}

--- BEST threshold=0.2080 ---
{
  "threshold": 0.20800000000000002,
  "accuracy": 0.51375,
  "balanced_accuracy": 0.51375,
  "precision": 0.5084485407066052,
  "recall": 0.8275,
  "f1": 0.6298763082778306,
  "false_positive_rate_real_flagged_fake": 0.8,
  "false_negative_rate_fake_flagged_real": 0.1725,
  "tp": 331,
  "tn": 80,
  "fp": 320,
  "fn": 69
}

Prob stats:
{
  "real_mean_deepfake_prob": 0.5278591891418819,
  "real_median_deepfake_prob": 0.5885853797642308,
  "fake_mean_deepfake_prob": 0.526565299799515,
  "fake_median_deepfake_prob": 0.5766984070183072
}

Saved report: /Users/akshitraj/Downloads/Ai_deepfake-main/deepscan-backend/ml_server/image_calibration_299.json
