[ImageModel] Loading image model ...
[ImageModel] Loaded successfully from: /Users/akshitraj/Downloads/Ai_deepfake-main/deepscan-backend/ml_server/trained_models/image_prediction_model/model_v3.pth
[ImageModel] Input shape: [N, 3, 64, 64]
[ImageModel] Output shape: [N, 1]
[ImageModel] Calibration: positive_class=real, deepfake_threshold=0.07, imagenet_norm=True
[VideoAsImage] Calibration: positive_class=real, deepfake_threshold=0.07, samples=8, decision_threshold=0.6, face_size=224
Scoring 1500 real images...
  ...200/1500
  ...400/1500
  ...600/1500
  ...800/1500
  ...1000/1500
  ...1200/1500
  ...1400/1500
Scoring 1500 fake images...
  ...200/1500
  ...400/1500
  ...600/1500
  ...800/1500
  ...1000/1500
  ...1200/1500
  ...1400/1500

Calibration complete
Total scored: 3000 (real=1500, fake=1500)

--- CURRENT threshold=0.07 ---
{
  "threshold": 0.07,
  "accuracy": 0.5846666666666667,
  "balanced_accuracy": 0.5846666666666667,
  "precision": 0.561531007751938,
  "recall": 0.7726666666666666,
  "f1": 0.6503928170594837,
  "false_positive_rate_real_flagged_fake": 0.6033333333333333,
  "false_negative_rate_fake_flagged_real": 0.2273333333333334,
  "tp": 1159,
  "tn": 595,
  "fp": 905,
  "fn": 341
}

--- BEST threshold=0.0600 ---
{
  "threshold": 0.06,
  "accuracy": 0.5883333333333334,
  "balanced_accuracy": 0.5883333333333334,
  "precision": 0.5606962895098488,
  "recall": 0.816,
  "f1": 0.6646755362476241,
  "false_positive_rate_real_flagged_fake": 0.6393333333333333,
  "false_negative_rate_fake_flagged_real": 0.18400000000000005,
  "tp": 1224,
  "tn": 541,
  "fp": 959,
  "fn": 276
}

Prob stats:
{
  "real_mean_deepfake_prob": 0.27019129966695155,
  "real_median_deepfake_prob": 0.09684022263863817,
  "fake_mean_deepfake_prob": 0.34353447174214213,
  "fake_median_deepfake_prob": 0.17330152114940328
}

Saved report: /Users/akshitraj/Downloads/Ai_deepfake-main/deepscan-backend/ml_server/image_calibration_pooled.json
