[ImageModel] Loading image model ...
[ImageModel] Loaded successfully from: /Users/akshitraj/Downloads/Ai_deepfake-main/deepscan-backend/ml_server/trained_models/image_prediction_model/model_v3.pth
[ImageModel] Input shape: [N, 3, 64, 64]
[ImageModel] Output shape: [N, 1]
[ImageModel] Calibration: positive_class=real, deepfake_threshold=0.07, imagenet_norm=True
[VideoAsImage] Calibration: positive_class=real, deepfake_threshold=0.07, samples=8, decision_threshold=0.6, face_size=224
Scoring 800 real images...
  ...200/800
  ...400/800
  ...600/800
  ...800/800
Scoring 800 fake images...
  ...200/800
  ...400/800
  ...600/800
  ...800/800

Calibration complete
Total scored: 1600 (real=800, fake=800)

--- CURRENT threshold=0.07 ---
{
  "threshold": 0.07,
  "accuracy": 0.55,
  "balanced_accuracy": 0.55,
  "precision": 0.5351493848857645,
  "recall": 0.76125,
  "f1": 0.6284829721362228,
  "false_positive_rate_real_flagged_fake": 0.66125,
  "false_negative_rate_fake_flagged_real": 0.23875000000000002,
  "tp": 609,
  "tn": 271,
  "fp": 529,
  "fn": 191
}

--- BEST threshold=0.0980 ---
{
  "threshold": 0.098,
  "accuracy": 0.563125,
  "balanced_accuracy": 0.563125,
  "precision": 0.5524402907580478,
  "recall": 0.665,
  "f1": 0.6035167328417471,
  "false_positive_rate_real_flagged_fake": 0.5387500000000001,
  "false_negative_rate_fake_flagged_real": 0.33499999999999996,
  "tp": 532,
  "tn": 369,
  "fp": 431,
  "fn": 268
}

Prob stats:
{
  "real_mean_deepfake_prob": 0.2799417318878167,
  "real_median_deepfake_prob": 0.11607164497542427,
  "fake_mean_deepfake_prob": 0.33636049060125134,
  "fake_median_deepfake_prob": 0.16992545568671003
}

Saved report: /Users/akshitraj/Downloads/Ai_deepfake-main/deepscan-backend/ml_server/image_calibration.json
