/Users/akshitraj/Downloads/Ai_deepfake-main/deepscan-backend/ml_server/.venv/lib/python3.9/site-packages/urllib3/__init__.py:35: NotOpenSSLWarning: urllib3 v2 only supports OpenSSL 1.1.1+, currently the 'ssl' module is compiled with 'LibreSSL 2.8.3'. See: https://github.com/urllib3/urllib3/issues/3020
  warnings.warn(
  [face_dataset(calibration_data2)] real 100/400
  [face_dataset(calibration_data2)] real 200/400
  [face_dataset(calibration_data2)] real 300/400
  [face_dataset(calibration_data2)] real 400/400
  [face_dataset(calibration_data2)] fake 100/400
  [face_dataset(calibration_data2)] fake 200/400
  [face_dataset(calibration_data2)] fake 300/400
  [face_dataset(calibration_data2)] fake 400/400

=== face_dataset(calibration_data2) (n=800) ===
threshold=0.5: {"threshold": 0.5, "accuracy": 0.96125, "balanced_accuracy": 0.96125, "fp_rate_real_flagged_fake": 0.06499999999999995, "fn_rate_fake_flagged_real": 0.012499999999999956, "tp": 395, "tn": 374, "fp": 26, "fn": 5}
best: {"threshold": 0.719, "accuracy": 0.96375, "balanced_accuracy": 0.96375, "fp_rate_real_flagged_fake": 0.04500000000000004, "fn_rate_fake_flagged_real": 0.02749999999999997, "tp": 389, "tn": 382, "fp": 18, "fn": 11}
real_mean= 0.07828485969595335 fake_mean= 0.9737636068928986
  [cifake_general(finaltest)] real 100/400
  [cifake_general(finaltest)] real 200/400
  [cifake_general(finaltest)] real 300/400
  [cifake_general(finaltest)] real 400/400
  [cifake_general(finaltest)] fake 100/400
  [cifake_general(finaltest)] fake 200/400
  [cifake_general(finaltest)] fake 300/400
  [cifake_general(finaltest)] fake 400/400

=== cifake_general(finaltest) (n=800) ===
threshold=0.5: {"threshold": 0.5, "accuracy": 0.6, "balanced_accuracy": 0.6, "fp_rate_real_flagged_fake": 0.12, "fn_rate_fake_flagged_real": 0.6799999999999999, "tp": 128, "tn": 352, "fp": 48, "fn": 272}
best: {"threshold": 0.23500000000000001, "accuracy": 0.61625, "balanced_accuracy": 0.61625, "fp_rate_real_flagged_fake": 0.22499999999999998, "fn_rate_fake_flagged_real": 0.5425, "tp": 183, "tn": 310, "fp": 90, "fn": 217}
real_mean= 0.16302938791724955 fake_mean= 0.34394038961026124

Saved: hf_vit_calibration.json
